
> historia-3d@0.1.0 test
> vitest run --reporter=verbose


 RUN  v4.1.11 C:/Users/enekr/OneDrive/Документы/HISTORY3D

 ✓ tests/latest-request.test.ts > LatestRequestCoordinator > commits only the newest result and disposes stale data 13ms
 ✓ tests/museum-state.test.ts > museum state > resets every exhibit-scoped field in one transition 11ms
 ✓ tests/museum-state.test.ts > museum state > keeps independent panels and comparison updates scoped 1ms
 ✓ tests/catalog.test.ts > exhibit catalog > places the source-based shako in its own collection with six grounded hotspots 19ms
 ✓ tests/catalog.test.ts > exhibit catalog > discovers a self-contained Pokrov package 1ms
 ✓ tests/catalog.test.ts > exhibit catalog > discovers the Ivan IV helmet scan package 1ms
 ✓ tests/catalog.test.ts > exhibit catalog > keeps all ids and slugs unique 0ms
 ✓ tests/catalog.test.ts > exhibit catalog > does not publish draft carousel entries 0ms
 ✓ tests/viewer-systems.test.ts > RenderScheduler > coalesces invalidations and stops requesting frames at rest 13ms
 ✓ tests/viewer-systems.test.ts > RenderScheduler > continues motion, preserves invalidation during a frame, pauses and disposes 1ms
 ✓ tests/viewer-systems.test.ts > ModelHost > aborts replaced loads, drops stale errors and disposes late models 5ms
 ✓ tests/viewer-systems.test.ts > ModelHost > reports an active loading error 2ms
 ✓ tests/pokrov-procedural.test.ts > Pokrov-na-Nerli procedural reconstruction > contains the required architectural systems as real geometry 86ms
 ✓ tests/pokrov-procedural.test.ts > Pokrov-na-Nerli procedural reconstruction > has materially different front, side and rear projections 279ms
 ✓ tests/exhibit-url.test.ts > exhibit URL state > preserves unrelated parameters and existing path/hash links 13ms
 ✓ tests/exhibit-url.test.ts > exhibit URL state > opens deep links, replaces invalid ids and avoids duplicate history entries 27ms
 ✓ tests/exhibit-url.test.ts > exhibit URL state > restores the exhibit and clears panels/comparison on popstate 66ms
 ✓ tests/content-validation.test.ts > runtime content validation > validates actual catalog values 32ms
 ✓ tests/content-validation.test.ts > runtime content validation > reports unrelated shape and graph errors together with exact paths 7ms
 ✓ tests/content-validation.test.ts > runtime content validation > checks duplicate ids across evidence groups and collection references 4ms
 ✓ tests/content-validation.test.ts > runtime content validation > blocks unpublished and development-only content in production without changing review status 5ms
 ✓ tests/content-validation.test.ts > runtime content validation > rejects malformed dates, missing assets, invalid vectors and camera constraints 2ms
 ✓ tests/procedural-registry.test.ts > lazy procedural registry > keeps procedural exhibits registered and loads the shako through runtime 565ms
 ✓ tests/procedural-registry.test.ts > lazy procedural registry > rejects unknown ids and object-prototype names 6ms
 ✓ tests/procedural-registry.test.ts > lazy procedural registry > respects cancellation before creating geometry 1ms
 ✓ tests/shako-procedural.test.ts > 1810 shako: converted specification, not artifact measurement > separates the large internal size from the finished leather diameter 13ms
 ✓ tests/shako-procedural.test.ts > 1810 shako: converted specification, not artifact measurement > adds assumed felt thickness outside the documented internal bottom diameter 1ms
 ✓ tests/shako-procedural.test.ts > 1810 shako: converted specification, not artifact measurement > uses a three-inch visor projection, two-inch drop and assumed 3.5 mm thickness 6ms
 ✓ tests/shako-procedural.test.ts > 1810 shako: converted specification, not artifact measurement > generates surface-following straps seven lines wide (0.2 mm chord tolerance) 1ms
 ✓ tests/shako-procedural.test.ts > 1810 shako: converted specification, not artifact measurement > uses converted bands and omits the grenadier plume pocket 1ms
 ✓ tests/shako-procedural.test.ts > 1810 shako: converted specification, not artifact measurement > has a visible top centre recessed one inch, with outward-facing normals 3ms
 ✓ tests/shako-procedural.test.ts > 1810 shako: converted specification, not artifact measurement > models a real rear slit in the felt, not a painted seam 2ms
 ✓ tests/shako-procedural.test.ts > 1810 shako: converted specification, not artifact measurement > exposes the assembled interior and distinguishes cut length from folded height 14ms
 ✓ tests/shako-procedural.test.ts > semantic, material and performance contract > routes the chinstrap clear of the solid visor 1ms
 ✓ tests/shako-procedural.test.ts > semantic, material and performance contract > keeps the photo-guided grenade a thin embossed sheet with a front-facing bomb 7ms
 ✓ tests/shako-procedural.test.ts > semantic, material and performance contract > has the asymmetric white cord assembly and all required identity nodes 1ms
 ✓ tests/shako-procedural.test.ts > semantic, material and performance contract > seats the thin grenade outside the felt without an invented pocket step 8ms
 ✓ tests/shako-procedural.test.ts > semantic, material and performance contract > separates matte felt, leather, cotton and brass; keeps the chinstrap leather 0ms
 ✓ tests/shako-procedural.test.ts > semantic, material and performance contract > keeps the user-requested detail level within a measured 200,000 review budget including the prepared interior, with finite geometry 17ms
 ✓ tests/shako-procedural.test.ts > semantic, material and performance contract > keeps the clay blockout free of ornaments and textures 6ms
 ✓ tests/MuseumApp.test.tsx > MuseumApp > switches collections without losing the ancient Rus carousel 721ms
 ✓ tests/MuseumApp.test.tsx > MuseumApp > opens the observation-first research flow 624ms
 ✓ tests/pistol.test.ts > 1798/1804 cavalry pistol > uses metric geometry, correct barrel length and outward stock faces 79ms
 ✓ tests/pistol.test.ts > 1798/1804 cavalry pistol > exports a self-contained GLB with PBR maps and no external resources 8ms
 ✓ tests/MuseumApp.test.tsx > MuseumApp > opens the sources and confidence drawer 194ms
 ✓ tests/pistol.test.ts > 1798/1804 cavalry pistol > keeps web geometry within budget with finite normals and UVs 76ms
 ✓ tests/pistol.test.ts > 1798/1804 cavalry pistol > resolves all source claims and preserves uncertainty 5ms
 ✓ tests/pistol.test.ts > 1798/1804 cavalry pistol > binds six visible front markers and occludes them on the reverse 57ms
 ✓ tests/hotspot-projection.test.ts > surface-bound hotspot projection > shows the six visible detail anchors in the initial camera 53ms
 ✓ tests/hotspot-projection.test.ts > surface-bound hotspot projection > hides front insignia and the front cord on the rear, including above the silhouette 1ms
 ✓ tests/MuseumApp.test.tsx > MuseumApp > translates the shako evidence record into visitor language 239ms
 ✓ tests/hotspot-projection.test.ts > surface-bound hotspot projection > projects the exact bound point across a continuous orbit, without clamping or offsets 1676ms
 ✓ tests/hotspot-projection.test.ts > surface-bound hotspot projection > ignores hidden internal meshes but hides anchors blocked by a visible object 273ms
 ✓ tests/MuseumApp.test.tsx > MuseumApp > shows a restrained message for a draft exhibit 271ms
 ✓ tests/MuseumApp.test.tsx > MuseumApp > switches to the Ivan IV helmet scene from the carousel 259ms
 ✓ tests/musket-procedural.test.ts > 1808 musket exterior reconstruction > registers a review-only package with resolvable claims and sources 1449ms
 ✓ tests/musket-procedural.test.ts > 1808 musket exterior reconstruction > keeps the photo silhouette and typological barrel dimension distinct from assumed depth 78ms
 ✓ tests/musket-procedural.test.ts > 1808 musket exterior reconstruction > has finite geometry, separate materials and truthful geometry metrics 117ms
 ✓ tests/musket-procedural.test.ts > 1808 musket exterior reconstruction > keeps formed bands outside the stock and exposes the flint face 329ms
 ✓ tests/musket-procedural.test.ts > 1808 musket exterior reconstruction > binds markers to surfaces and hides the right-side labels on the reverse 113ms

 Test Files  13 passed (13)
      Tests  60 passed (60)
   Start at  14:17:00
   Duration  7.09s (transform 2.66s, setup 3.81s, import 5.89s, tests 12.11s, environment 19.61s)

