
> historia-3d@0.1.0 build:pistol
> tsx scripts/build-pistol.ts

{
  "triangles": 131006,
  "meshes": 64,
  "invalidValues": 0,
  "missingUv": 0,
  "roundtripBoundsError": 0,
  "bounds": {
    "min": [
      -0.23013003170490265,
      0,
      -0.020303139463067055
    ],
    "max": [
      0.23000000417232513,
      0.14587102830410004,
      0.03211873024702072
    ],
    "size": [
      0.4601300358772278,
      0.14587102830410004,
      0.052421869710087776
    ]
  },
  "calls": 65,
  "renderedTriangles": 131008,
  "bytes": 6702712,
  "sha256": "823467c2aedbd928a47e42836db58f321a82a8c2c08a41b0c85a6a32e868d0f2",
  "errors": []
}
