
> historia-3d@0.1.0 build:pistol
> tsx scripts/build-pistol.ts

{
  "triangles": 128040,
  "meshes": 64,
  "invalidValues": 0,
  "missingUv": 0,
  "roundtripBoundsError": 0,
  "bounds": {
    "min": [
      -0.23013003170490265,
      0,
      -0.020303139463067055
    ],
    "max": [
      0.23000000417232513,
      0.14587102830410004,
      0.03211873024702072
    ],
    "size": [
      0.4601300358772278,
      0.14587102830410004,
      0.052421869710087776
    ]
  },
  "calls": 65,
  "renderedTriangles": 128042,
  "bytes": 6644312,
  "sha256": "806c88d2f7f9788a0b8d1c59b2dc6e8ac450ed445aaeef1e7af2ac90c6bdcfd3",
  "errors": []
}
