
> historia-3d@0.1.0 build:pistol
> tsx scripts/build-pistol.ts

{
  "triangles": 123056,
  "meshes": 64,
  "invalidValues": 0,
  "missingUv": 0,
  "roundtripBoundsError": 0,
  "bounds": {
    "min": [
      -0.23013003170490265,
      0,
      -0.020303139463067055
    ],
    "max": [
      0.23000000417232513,
      0.14587102830410004,
      0.02889571338891983
    ],
    "size": [
      0.4601300358772278,
      0.14587102830410004,
      0.049198852851986885
    ]
  },
  "calls": 65,
  "renderedTriangles": 123058,
  "bytes": 6377184,
  "sha256": "c245cb66aa2f9ed404dee059be703c7bca0343019e4e3e2bfdd125f07f19a8ee",
  "errors": []
}
