
> historia-3d@0.1.0 build:pistol
> tsx scripts/build-pistol.ts

{
  "triangles": 121446,
  "meshes": 63,
  "invalidValues": 0,
  "missingUv": 0,
  "roundtripBoundsError": 0,
  "bounds": {
    "min": [
      -0.22934982180595398,
      0,
      -0.020303139463067055
    ],
    "max": [
      0.23000000417232513,
      0.14587102830410004,
      0.02889571338891983
    ],
    "size": [
      0.4593498259782791,
      0.14587102830410004,
      0.049198852851986885
    ]
  },
  "calls": 64,
  "renderedTriangles": 121448,
  "bytes": 6279564,
  "sha256": "a28906763629ffbeff2d534fff9f52087bb4b7620d994baae193979da38230de",
  "errors": []
}
