
> historia-3d@0.1.0 build
> npm run validate:content && tsc -b && vite build --mode review


> historia-3d@0.1.0 validate:content
> tsx scripts/validate-content.ts

Content validation passed: 5 package(s), 3 review warning(s).
Warning: Exhibit: pokrov-na-nerli / model.developmentOnly: DEV_ONLY model included in review; blocked from production
Warning: Exhibit: russian-musket-1808 / model.developmentOnly: DEV_ONLY model included in review; blocked from production
Warning: Exhibit: russian-shako-1808 / model.developmentOnly: DEV_ONLY model included in review; blocked from production
vite v8.2.2 building client environment for review...
transforming...
✓ 113 modules transformed.
rendering chunks...
computing gzip size...
dist/index.html                                        0.62 kB │ gzip:   0.42 kB
dist/.vite/manifest.json                               5.96 kB │ gzip:   0.94 kB
dist/assets/thumbnail-ChmZOe4F.webp                   12.25 kB
dist/assets/thumbnail-CIHD1D5R.png                    18.26 kB
dist/assets/thumbnail-B5GK1jHr.png                    19.01 kB
dist/assets/thumbnail-CC_DbkTG.png                    41.05 kB
dist/assets/poster-Du_MrSDU.png                       74.35 kB
dist/assets/poster-RUHYlHhm.webp                     123.24 kB
dist/assets/portrait-Br6TlOby.webp                   149.30 kB
dist/assets/poster-C0z3OHZb.png                      176.89 kB
dist/assets/poster-C6UiijHv.png                      178.37 kB
dist/assets/landscape-BG-zBUNA.webp                  179.16 kB
dist/assets/thumbnail-ByFc6TnH.png                   311.08 kB
dist/assets/poster-AqoFU7OI.png                      446.49 kB
dist/assets/interior-PkopeNi0.png                  2,385.22 kB
dist/assets/pistol_1798_1804-Dmh4tbh0.glb          6,503.37 kB
dist/assets/ivan-iv-helmet-BRHsmd2Z.glb           35,729.47 kB
dist/assets/index-CdtsJ1Gg.css                        18.57 kB │ gzip:   4.87 kB
dist/assets/TessellateModifier-DAYaxsSW.js             2.36 kB │ gzip:   1.02 kB
dist/assets/createPokrovNaNerliModel-_NTKgH9h.js       7.97 kB │ gzip:   3.06 kB
dist/assets/createRussianMusket1808-5WN3pnEz.js       16.27 kB │ gzip:   7.01 kB
dist/assets/createRussianShako1808-CG2fs4H8.js        24.47 kB │ gzip:   9.09 kB
dist/assets/three.core-DWVr33hD.js                   250.83 kB │ gzip:  67.39 kB
dist/assets/index-C6Dn5IZt.js                        303.45 kB │ gzip:  91.97 kB
dist/assets/ExhibitViewer-D-C1WYEq.js                435.83 kB │ gzip: 109.80 kB

✓ built in 262ms
